

Sat Sep 19 14:24:09 2020
Command line: TestDisk

TestDisk 7.0, Data Recovery Utility, April 2015
Christophe GRENIER <grenier@cgsecurity.org>
http://www.cgsecurity.org
OS: Linux, kernel 4.15.0-112-generic (#113-Ubuntu SMP Thu Jul 9 23:41:39 UTC 2020) x86_64
Compiler: GCC 7.2
ext2fs lib: 1.44.1, ntfs lib: libntfs-3g, reiserfs lib: none, ewf lib: none, curses lib: ncurses 6.0
/dev/sda: LBA, LBA48 support
/dev/sda: size       250069680 sectors
/dev/sda: user_max   250069680 sectors
/dev/sdb: LBA, HPA, LBA48, DCO support
/dev/sdb: size       1953525168 sectors
/dev/sdb: user_max   1953525168 sectors
/dev/sdb: native_max 1953525168 sectors
Warning: can't get size for Disk /dev/mapper/control - 0 B - 0 sectors, sector size=512
Hard disk list
Disk /dev/sda - 128 GB / 119 GiB - CHS 15566 255 63, sector size=512 - SanDisk SD8SB8U128G1001, S/N:164820805777, FW:X4120001
Disk /dev/sdb - 1000 GB / 931 GiB - CHS 121601 255 63, sector size=512 - ST1000DM003-1SB102, S/N:Z9AATP8R, FW:CC63

Partition table type (auto): Intel
Disk /dev/sdb - 1000 GB / 931 GiB - ST1000DM003-1SB102
Partition table type: Intel

Interface Advanced
Geometry from i386 MBR: head=255 sector=63
 1 P Linux                    0  32 33  9726  30 32  156248064
     ext4 blocksize=4096 Large_file Sparse_SB Recover, 79 GB / 74 GiB
 2 E extended              9726  62 63 121601  57 56 1797271554
 5 L Linux                 9726  63  2 121601  57 56 1797271552
     ext4 blocksize=4096 Large_file Sparse_SB Recover, 920 GB / 857 GiB

Interface Advanced
Geometry from i386 MBR: head=255 sector=63
 1 P Linux                    0  32 33  9726  30 32  156248064
     ext4 blocksize=4096 Large_file Sparse_SB Recover, 79 GB / 74 GiB
 2 E extended              9726  62 63 121601  57 56 1797271554
 5 L Linux                 9726  63  2 121601  57 56 1797271552
     ext4 blocksize=4096 Large_file Sparse_SB Recover, 920 GB / 857 GiB

TestDisk exited normally.
